// Jest Snapshot v1, https://goo.gl/fbAQLP

exports[`Header component renders correctly 1`] = `
<div>
  <header>
    <img
      alt="logo"
      src="explainai-logo.png"
    />
    <div>
      <p>
        Like I'm
      </p>
      <button
        className="btn"
        onClick={[Function]}
      >
        5
      </button>
      <button
        className="btn"
        onClick={[Function]}
      >
        10
      </button>
      <button
        className="btn"
        onClick={[Function]}
      >
        Adult
      </button>
      <select
        className="select-pg"
        onChange={[Function]}
        value={null}
      >
        <option
          value="5"
        >
          5
        </option>
        <option
          value="10"
        >
          10
        </option>
        <option
          value="adult"
        >
          Adult
        </option>
      </select>
    </div>
  </header>
</div>
`;
